// Jest Snapshot v1, https://goo.gl/fbAQLP

exports[`Testing in <SearchScreen /> should show a default value in my input when call with query params in my URL 1`] = `
<div>
  <h1>
    Search Screen
  </h1>
  <div
    className="row"
  >
    <div
      className="col-5"
    >
      <h4>
        Search Form
      </h4>
      <hr />
      <form
        onSubmit={[Function]}
      >
        <input
          autoComplete="off"
          className="form-control"
          name="searchText"
          onChange={[Function]}
          placeholder="Find your hero"
          type="text"
          value="batman"
        />
        <button
          className="btn m-1 btn-block btn-outline-primary"
        >
          Search
        </button>
      </form>
    </div>
    <div
      className="col-7"
    >
      <h4>
        Results
      </h4>
      <hr />
      <div
        className="card g-0 m-3"
        style={
          Object {
            "maxWidth": 400,
          }
        }
      >
        <div
          className="row g-0 "
        >
          <div
            className="col-md-4"
          >
            <img
              alt="Batman"
              className="card-img"
              src="./assets/heroes/dc-batman.jpg"
            />
          </div>
          <div
            className="col-md-8"
          >
            <div
              className="card-body"
            >
              <h5
                className="card-title"
              >
                Batman
              </h5>
              <p
                className="card-text"
              >
                Bruce Wayne
              </p>
              <p
                className="card-text"
              >
                <small
                  className="text-muted"
                >
                  Detective Comics #27
                </small>
              </p>
              <a
                href="/hero/dc-batman"
                onClick={[Function]}
              >
                MÃ¡s...
              </a>
            </div>
          </div>
        </div>
      </div>
    </div>
  </div>
</div>
`;

exports[`Testing in <SearchScreen /> should show correctly with default values 1`] = `
<div>
  <h1>
    Search Screen
  </h1>
  <div
    className="row"
  >
    <div
      className="col-5"
    >
      <h4>
        Search Form
      </h4>
      <hr />
      <form
        onSubmit={[Function]}
      >
        <input
          autoComplete="off"
          className="form-control"
          name="searchText"
          onChange={[Function]}
          placeholder="Find your hero"
          type="text"
          value=""
        />
        <button
          className="btn m-1 btn-block btn-outline-primary"
        >
          Search
        </button>
      </form>
    </div>
    <div
      className="col-7"
    >
      <h4>
        Results
      </h4>
      <hr />
      <div
        className="alert alert-info"
      >
        Search a hero
      </div>
    </div>
  </div>
</div>
`;
